// Vitest Snapshot v1

exports[`snapshot 1`] = `undefined`;
